Analysis & Synthesis report for Transponder
Sat May 22 23:35:51 2021
Quartus Prime Version 17.1.0 Build 590 10/25/2017 SJ Lite Edition


---------------------
; Table of Contents ;
---------------------
  1. Legal Notice
  2. Analysis & Synthesis Summary
  3. Analysis & Synthesis Settings
  4. Parallel Compilation
  5. Analysis & Synthesis Source Files Read
  6. Analysis & Synthesis Resource Usage Summary
  7. Analysis & Synthesis Resource Utilization by Entity
  8. State Machine - |transponder|Countdown:countdown|Counter:counter|state_Counter
  9. Registers Removed During Synthesis
 10. General Register Statistics
 11. Inverted Register Statistics
 12. Multiplexer Restructuring Statistics (Restructuring Performed)
 13. Parameter Settings for User Entity Instance: Countdown:countdown|FD:f|F_5:fd
 14. Parameter Settings for User Entity Instance: Countdown:countdown|FD:f|F_10:f10
 15. Parameter Settings for User Entity Instance: Countdown:countdown|FD:f|F_1:f1
 16. Post-Synthesis Netlist Statistics for Top Partition
 17. Elapsed Time Per Partition
 18. Analysis & Synthesis Messages



----------------
; Legal Notice ;
----------------
Copyright (C) 2017  Intel Corporation. All rights reserved.
Your use of Intel Corporation's design tools, logic functions 
and other software and tools, and its AMPP partner logic 
functions, and any output files from any of the foregoing 
(including device programming or simulation files), and any 
associated documentation or information are expressly subject 
to the terms and conditions of the Intel Program License 
Subscription Agreement, the Intel Quartus Prime License Agreement,
the Intel FPGA IP License Agreement, or other applicable license
agreement, including, without limitation, that your use is for
the sole purpose of programming logic devices manufactured by
Intel and sold by Intel or its authorized distributors.  Please
refer to the applicable agreement for further details.



+-------------------------------------------------------------------------------+
; Analysis & Synthesis Summary                                                  ;
+---------------------------------+---------------------------------------------+
; Analysis & Synthesis Status     ; Successful - Sat May 22 23:35:51 2021       ;
; Quartus Prime Version           ; 17.1.0 Build 590 10/25/2017 SJ Lite Edition ;
; Revision Name                   ; Transponder                                 ;
; Top-level Entity Name           ; transponder                                 ;
; Family                          ; Cyclone V                                   ;
; Logic utilization (in ALMs)     ; N/A                                         ;
; Total registers                 ; 1646                                        ;
; Total pins                      ; 20                                          ;
; Total virtual pins              ; 0                                           ;
; Total block memory bits         ; 0                                           ;
; Total DSP Blocks                ; 0                                           ;
; Total HSSI RX PCSs              ; 0                                           ;
; Total HSSI PMA RX Deserializers ; 0                                           ;
; Total HSSI TX PCSs              ; 0                                           ;
; Total HSSI PMA TX Serializers   ; 0                                           ;
; Total PLLs                      ; 0                                           ;
; Total DLLs                      ; 0                                           ;
+---------------------------------+---------------------------------------------+


+---------------------------------------------------------------------------------------------------------------------------+
; Analysis & Synthesis Settings                                                                                             ;
+---------------------------------------------------------------------------------+--------------------+--------------------+
; Option                                                                          ; Setting            ; Default Value      ;
+---------------------------------------------------------------------------------+--------------------+--------------------+
; Device                                                                          ; 5CSEMA5F31C6       ;                    ;
; Top-level entity name                                                           ; transponder        ; Transponder        ;
; Family name                                                                     ; Cyclone V          ; Cyclone V          ;
; Maximum processors allowed for parallel compilation                             ; All                ;                    ;
; Use smart compilation                                                           ; Off                ; Off                ;
; Enable parallel Assembler and TimeQuest Timing Analyzer during compilation      ; On                 ; On                 ;
; Enable compact report table                                                     ; Off                ; Off                ;
; Restructure Multiplexers                                                        ; Auto               ; Auto               ;
; MLAB Add Timing Constraints For Mixed-Port Feed-Through Mode Setting Don't Care ; Off                ; Off                ;
; Create Debugging Nodes for IP Cores                                             ; Off                ; Off                ;
; Preserve fewer node names                                                       ; On                 ; On                 ;
; Intel FPGA IP Evaluation Mode                                                   ; Enable             ; Enable             ;
; Verilog Version                                                                 ; Verilog_2001       ; Verilog_2001       ;
; VHDL Version                                                                    ; VHDL_1993          ; VHDL_1993          ;
; State Machine Processing                                                        ; Auto               ; Auto               ;
; Safe State Machine                                                              ; Off                ; Off                ;
; Extract Verilog State Machines                                                  ; On                 ; On                 ;
; Extract VHDL State Machines                                                     ; On                 ; On                 ;
; Ignore Verilog initial constructs                                               ; Off                ; Off                ;
; Iteration limit for constant Verilog loops                                      ; 5000               ; 5000               ;
; Iteration limit for non-constant Verilog loops                                  ; 250                ; 250                ;
; Add Pass-Through Logic to Inferred RAMs                                         ; On                 ; On                 ;
; Infer RAMs from Raw Logic                                                       ; On                 ; On                 ;
; Parallel Synthesis                                                              ; On                 ; On                 ;
; DSP Block Balancing                                                             ; Auto               ; Auto               ;
; NOT Gate Push-Back                                                              ; On                 ; On                 ;
; Power-Up Don't Care                                                             ; On                 ; On                 ;
; Remove Redundant Logic Cells                                                    ; Off                ; Off                ;
; Remove Duplicate Registers                                                      ; On                 ; On                 ;
; Ignore CARRY Buffers                                                            ; Off                ; Off                ;
; Ignore CASCADE Buffers                                                          ; Off                ; Off                ;
; Ignore GLOBAL Buffers                                                           ; Off                ; Off                ;
; Ignore ROW GLOBAL Buffers                                                       ; Off                ; Off                ;
; Ignore LCELL Buffers                                                            ; Off                ; Off                ;
; Ignore SOFT Buffers                                                             ; On                 ; On                 ;
; Limit AHDL Integers to 32 Bits                                                  ; Off                ; Off                ;
; Optimization Technique                                                          ; Balanced           ; Balanced           ;
; Carry Chain Length                                                              ; 70                 ; 70                 ;
; Auto Carry Chains                                                               ; On                 ; On                 ;
; Auto Open-Drain Pins                                                            ; On                 ; On                 ;
; Perform WYSIWYG Primitive Resynthesis                                           ; Off                ; Off                ;
; Auto ROM Replacement                                                            ; On                 ; On                 ;
; Auto RAM Replacement                                                            ; On                 ; On                 ;
; Auto DSP Block Replacement                                                      ; On                 ; On                 ;
; Auto Shift Register Replacement                                                 ; Auto               ; Auto               ;
; Allow Shift Register Merging across Hierarchies                                 ; Auto               ; Auto               ;
; Auto Clock Enable Replacement                                                   ; On                 ; On                 ;
; Strict RAM Replacement                                                          ; Off                ; Off                ;
; Allow Synchronous Control Signals                                               ; On                 ; On                 ;
; Force Use of Synchronous Clear Signals                                          ; Off                ; Off                ;
; Auto Resource Sharing                                                           ; Off                ; Off                ;
; Allow Any RAM Size For Recognition                                              ; Off                ; Off                ;
; Allow Any ROM Size For Recognition                                              ; Off                ; Off                ;
; Allow Any Shift Register Size For Recognition                                   ; Off                ; Off                ;
; Use LogicLock Constraints during Resource Balancing                             ; On                 ; On                 ;
; Ignore translate_off and synthesis_off directives                               ; Off                ; Off                ;
; Timing-Driven Synthesis                                                         ; On                 ; On                 ;
; Report Parameter Settings                                                       ; On                 ; On                 ;
; Report Source Assignments                                                       ; On                 ; On                 ;
; Report Connectivity Checks                                                      ; On                 ; On                 ;
; Ignore Maximum Fan-Out Assignments                                              ; Off                ; Off                ;
; Synchronization Register Chain Length                                           ; 3                  ; 3                  ;
; Power Optimization During Synthesis                                             ; Normal compilation ; Normal compilation ;
; HDL message level                                                               ; Level2             ; Level2             ;
; Suppress Register Optimization Related Messages                                 ; Off                ; Off                ;
; Number of Removed Registers Reported in Synthesis Report                        ; 5000               ; 5000               ;
; Number of Swept Nodes Reported in Synthesis Report                              ; 5000               ; 5000               ;
; Number of Inverted Registers Reported in Synthesis Report                       ; 100                ; 100                ;
; Clock MUX Protection                                                            ; On                 ; On                 ;
; Auto Gated Clock Conversion                                                     ; Off                ; Off                ;
; Block Design Naming                                                             ; Auto               ; Auto               ;
; SDC constraint protection                                                       ; Off                ; Off                ;
; Synthesis Effort                                                                ; Auto               ; Auto               ;
; Shift Register Replacement - Allow Asynchronous Clear Signal                    ; On                 ; On                 ;
; Pre-Mapping Resynthesis Optimization                                            ; Off                ; Off                ;
; Analysis & Synthesis Message Level                                              ; Medium             ; Medium             ;
; Disable Register Merging Across Hierarchies                                     ; Auto               ; Auto               ;
; Resource Aware Inference For Block RAM                                          ; On                 ; On                 ;
; Automatic Parallel Synthesis                                                    ; On                 ; On                 ;
; Partial Reconfiguration Bitstream ID                                            ; Off                ; Off                ;
+---------------------------------------------------------------------------------+--------------------+--------------------+


+------------------------------------------+
; Parallel Compilation                     ;
+----------------------------+-------------+
; Processors                 ; Number      ;
+----------------------------+-------------+
; Number detected on machine ; 8           ;
; Maximum allowed            ; 4           ;
;                            ;             ;
; Average used               ; 1.00        ;
; Maximum used               ; 4           ;
;                            ;             ;
; Usage by Processor         ; % Time Used ;
;     Processor 1            ; 100.0%      ;
;     Processor 2            ;   0.0%      ;
;     Processor 3            ;   0.0%      ;
;     Processor 4            ;   0.0%      ;
+----------------------------+-------------+


+---------------------------------------------------------------------------------------------------------------------------------------------------------------------------------------------------+
; Analysis & Synthesis Source Files Read                                                                                                                                                            ;
+----------------------------------+-----------------+------------------------+-----------------------------------------------------------------------------------------------------------+---------+
; File Name with User-Entered Path ; Used in Netlist ; File Type              ; File Name with Absolute Path                                                                              ; Library ;
+----------------------------------+-----------------+------------------------+-----------------------------------------------------------------------------------------------------------+---------+
; Seg_display.v                    ; yes             ; User Verilog HDL File  ; C:/Users/YF/workspace/ELEC5566M-MiniProject-Feng-Yan-528/ELEC5566M-MiniProject-Feng-Yan-528/Seg_display.v ;         ;
; FD.v                             ; yes             ; User Verilog HDL File  ; C:/Users/YF/workspace/ELEC5566M-MiniProject-Feng-Yan-528/ELEC5566M-MiniProject-Feng-Yan-528/FD.v          ;         ;
; Counter.v                        ; yes             ; User Verilog HDL File  ; C:/Users/YF/workspace/ELEC5566M-MiniProject-Feng-Yan-528/ELEC5566M-MiniProject-Feng-Yan-528/Counter.v     ;         ;
; Countdown.v                      ; yes             ; User Verilog HDL File  ; C:/Users/YF/workspace/ELEC5566M-MiniProject-Feng-Yan-528/ELEC5566M-MiniProject-Feng-Yan-528/Countdown.v   ;         ;
; transponder.v                    ; yes             ; User Verilog HDL File  ; C:/Users/YF/workspace/ELEC5566M-MiniProject-Feng-Yan-528/ELEC5566M-MiniProject-Feng-Yan-528/transponder.v ;         ;
; Tr.v                             ; yes             ; User Verilog HDL File  ; C:/Users/YF/workspace/ELEC5566M-MiniProject-Feng-Yan-528/ELEC5566M-MiniProject-Feng-Yan-528/Tr.v          ;         ;
+----------------------------------+-----------------+------------------------+-----------------------------------------------------------------------------------------------------------+---------+


+-----------------------------------------------------------+
; Analysis & Synthesis Resource Usage Summary               ;
+---------------------------------------------+-------------+
; Resource                                    ; Usage       ;
+---------------------------------------------+-------------+
; Estimate of Logic utilization (ALMs needed) ; 1128        ;
;                                             ;             ;
; Combinational ALUT usage for logic          ; 2010        ;
;     -- 7 input functions                    ; 0           ;
;     -- 6 input functions                    ; 245         ;
;     -- 5 input functions                    ; 99          ;
;     -- 4 input functions                    ; 43          ;
;     -- <=3 input functions                  ; 1623        ;
;                                             ;             ;
; Dedicated logic registers                   ; 1646        ;
;                                             ;             ;
; I/O pins                                    ; 20          ;
;                                             ;             ;
; Total DSP Blocks                            ; 0           ;
;                                             ;             ;
; Maximum fan-out node                        ; reset~input ;
; Maximum fan-out                             ; 1638        ;
; Total fan-out                               ; 11963       ;
; Average fan-out                             ; 3.24        ;
+---------------------------------------------+-------------+


+----------------------------------------------------------------------------------------------------------------------------------------------------------------------------------------------------------------------------------+
; Analysis & Synthesis Resource Utilization by Entity                                                                                                                                                                              ;
+---------------------------------+---------------------+---------------------------+-------------------+------------+------+--------------+----------------------------------------------------------+-------------+--------------+
; Compilation Hierarchy Node      ; Combinational ALUTs ; Dedicated Logic Registers ; Block Memory Bits ; DSP Blocks ; Pins ; Virtual Pins ; Full Hierarchy Name                                      ; Entity Name ; Library Name ;
+---------------------------------+---------------------+---------------------------+-------------------+------------+------+--------------+----------------------------------------------------------+-------------+--------------+
; |transponder                    ; 2010 (0)            ; 1646 (0)                  ; 0                 ; 0          ; 20   ; 0            ; |transponder                                             ; transponder ; work         ;
;    |Countdown:countdown|        ; 2007 (0)            ; 1643 (0)                  ; 0                 ; 0          ; 0    ; 0            ; |transponder|Countdown:countdown                         ; Countdown   ; work         ;
;       |Counter:counter|         ; 22 (22)             ; 9 (9)                     ; 0                 ; 0          ; 0    ; 0            ; |transponder|Countdown:countdown|Counter:counter         ; Counter     ; work         ;
;       |FD:f|                    ; 1969 (0)            ; 1612 (0)                  ; 0                 ; 0          ; 0    ; 0            ; |transponder|Countdown:countdown|FD:f                    ; FD          ; work         ;
;          |F_10:f10|             ; 1221 (1221)         ; 1004 (1004)               ; 0                 ; 0          ; 0    ; 0            ; |transponder|Countdown:countdown|FD:f|F_10:f10           ; F_10        ; work         ;
;          |F_1:f1|               ; 131 (131)           ; 104 (104)                 ; 0                 ; 0          ; 0    ; 0            ; |transponder|Countdown:countdown|FD:f|F_1:f1             ; F_1         ; work         ;
;          |F_5:fd|               ; 617 (617)           ; 504 (504)                 ; 0                 ; 0          ; 0    ; 0            ; |transponder|Countdown:countdown|FD:f|F_5:fd             ; F_5         ; work         ;
;       |Seg_display:seg_display| ; 16 (16)             ; 22 (22)                   ; 0                 ; 0          ; 0    ; 0            ; |transponder|Countdown:countdown|Seg_display:seg_display ; Seg_display ; work         ;
;    |Tr:tr|                      ; 3 (3)               ; 3 (3)                     ; 0                 ; 0          ; 0    ; 0            ; |transponder|Tr:tr                                       ; Tr          ; work         ;
+---------------------------------+---------------------+---------------------------+-------------------+------------+------+--------------+----------------------------------------------------------+-------------+--------------+
Note: For table entries with two numbers listed, the numbers in parentheses indicate the number of resources of the given type used by the specific entity alone. The numbers listed outside of parentheses indicate the total resources of the given type used by the specific entity and all of its sub-entities in the hierarchy.


Encoding Type:  One-Hot
+--------------------------------------------------------------------------------+
; State Machine - |transponder|Countdown:countdown|Counter:counter|state_Counter ;
+---------------------------+----------------------------------------------------+
; Name                      ; state_Counter.Stop_STATE                           ;
+---------------------------+----------------------------------------------------+
; state_Counter.Start_STATE ; 0                                                  ;
; state_Counter.Stop_STATE  ; 1                                                  ;
+---------------------------+----------------------------------------------------+


+--------------------------------------------------------------------------+
; Registers Removed During Synthesis                                       ;
+-----------------------------------------------------+--------------------+
; Register name                                       ; Reason for Removal ;
+-----------------------------------------------------+--------------------+
; Countdown:countdown|Counter:counter|state_Counter~5 ; Lost fanout        ;
; Total Number of Removed Registers = 1               ;                    ;
+-----------------------------------------------------+--------------------+


+------------------------------------------------------+
; General Register Statistics                          ;
+----------------------------------------------+-------+
; Statistic                                    ; Value ;
+----------------------------------------------+-------+
; Total registers                              ; 1646  ;
; Number of registers using Synchronous Clear  ; 1606  ;
; Number of registers using Synchronous Load   ; 0     ;
; Number of registers using Asynchronous Clear ; 1638  ;
; Number of registers using Asynchronous Load  ; 0     ;
; Number of registers using Clock Enable       ; 12    ;
; Number of registers using Preset             ; 0     ;
+----------------------------------------------+-------+


+--------------------------------------------------------------+
; Inverted Register Statistics                                 ;
+----------------------------------------------------+---------+
; Inverted Register                                  ; Fan out ;
+----------------------------------------------------+---------+
; Countdown:countdown|Seg_display:seg_display|bs0[6] ; 2       ;
; Countdown:countdown|Seg_display:seg_display|bs1[6] ; 2       ;
; Countdown:countdown|Counter:counter|TimeL_1[0]     ; 6       ;
; Countdown:countdown|Counter:counter|TimeH_1[0]     ; 6       ;
; Countdown:countdown|Counter:counter|TimeL_1[2]     ; 6       ;
; Total number of inverted registers = 5             ;         ;
+----------------------------------------------------+---------+


+-------------------------------------------------------------------------------------------------------------------------------------------------------------------------------+
; Multiplexer Restructuring Statistics (Restructuring Performed)                                                                                                                ;
+--------------------+-----------+---------------+----------------------+------------------------+------------+-----------------------------------------------------------------+
; Multiplexer Inputs ; Bus Width ; Baseline Area ; Area if Restructured ; Saving if Restructured ; Registered ; Example Multiplexer Output                                      ;
+--------------------+-----------+---------------+----------------------+------------------------+------------+-----------------------------------------------------------------+
; 3:1                ; 2 bits    ; 4 LEs         ; 2 LEs                ; 2 LEs                  ; Yes        ; |transponder|Countdown:countdown|Counter:counter|TimeL_1[3]     ;
; 16:1               ; 6 bits    ; 60 LEs        ; 36 LEs               ; 24 LEs                 ; Yes        ; |transponder|Countdown:countdown|Seg_display:seg_display|bs0[0] ;
; 16:1               ; 6 bits    ; 60 LEs        ; 36 LEs               ; 24 LEs                 ; Yes        ; |transponder|Countdown:countdown|Seg_display:seg_display|bs1[0] ;
; 3:1                ; 2 bits    ; 4 LEs         ; 2 LEs                ; 2 LEs                  ; Yes        ; |transponder|Countdown:countdown|Counter:counter|TimeL_1[2]     ;
+--------------------+-----------+---------------+----------------------+------------------------+------------+-----------------------------------------------------------------+


+------------------------------------------------------------------------------+
; Parameter Settings for User Entity Instance: Countdown:countdown|FD:f|F_5:fd ;
+----------------+-------+-----------------------------------------------------+
; Parameter Name ; Value ; Type                                                ;
+----------------+-------+-----------------------------------------------------+
; WIDTH          ; 251   ; Signed Integer                                      ;
; N              ; 500   ; Signed Integer                                      ;
+----------------+-------+-----------------------------------------------------+
Note: In order to hide this table in the UI and the text report file, please set the "Show Parameter Settings in Synthesis Report" option in "Analysis and Synthesis Settings -> More Settings" to "Off".


+--------------------------------------------------------------------------------+
; Parameter Settings for User Entity Instance: Countdown:countdown|FD:f|F_10:f10 ;
+----------------+-------+-------------------------------------------------------+
; Parameter Name ; Value ; Type                                                  ;
+----------------+-------+-------------------------------------------------------+
; WIDTH          ; 501   ; Signed Integer                                        ;
; N              ; 1000  ; Signed Integer                                        ;
+----------------+-------+-------------------------------------------------------+
Note: In order to hide this table in the UI and the text report file, please set the "Show Parameter Settings in Synthesis Report" option in "Analysis and Synthesis Settings -> More Settings" to "Off".


+------------------------------------------------------------------------------+
; Parameter Settings for User Entity Instance: Countdown:countdown|FD:f|F_1:f1 ;
+----------------+-------+-----------------------------------------------------+
; Parameter Name ; Value ; Type                                                ;
+----------------+-------+-----------------------------------------------------+
; WIDTH          ; 51    ; Signed Integer                                      ;
; N              ; 100   ; Signed Integer                                      ;
+----------------+-------+-----------------------------------------------------+
Note: In order to hide this table in the UI and the text report file, please set the "Show Parameter Settings in Synthesis Report" option in "Analysis and Synthesis Settings -> More Settings" to "Off".


+-----------------------------------------------------+
; Post-Synthesis Netlist Statistics for Top Partition ;
+-----------------------+-----------------------------+
; Type                  ; Count                       ;
+-----------------------+-----------------------------+
; arriav_ff             ; 1646                        ;
;     CLR               ; 20                          ;
;     CLR SCLR          ; 1606                        ;
;     ENA CLR           ; 12                          ;
;     plain             ; 8                           ;
; arriav_lcell_comb     ; 2012                        ;
;     arith             ; 1606                        ;
;         1 data inputs ; 1606                        ;
;     normal            ; 406                         ;
;         1 data inputs ; 2                           ;
;         2 data inputs ; 14                          ;
;         3 data inputs ; 3                           ;
;         4 data inputs ; 43                          ;
;         5 data inputs ; 99                          ;
;         6 data inputs ; 245                         ;
; boundary_port         ; 20                          ;
;                       ;                             ;
; Max LUT depth         ; 41.90                       ;
; Average LUT depth     ; 17.92                       ;
+-----------------------+-----------------------------+


+-------------------------------+
; Elapsed Time Per Partition    ;
+----------------+--------------+
; Partition Name ; Elapsed Time ;
+----------------+--------------+
; Top            ; 00:00:03     ;
+----------------+--------------+


+-------------------------------+
; Analysis & Synthesis Messages ;
+-------------------------------+
Info: *******************************************************************
Info: Running Quartus Prime Analysis & Synthesis
    Info: Version 17.1.0 Build 590 10/25/2017 SJ Lite Edition
    Info: Processing started: Sat May 22 23:35:32 2021
Info: Command: quartus_map --read_settings_files=on --write_settings_files=off Transponder -c Transponder
Info (20030): Parallel compilation is enabled and will use 4 of the 4 processors detected
Info (12021): Found 1 design units, including 1 entities, in source file seg_display.v
    Info (12023): Found entity 1: Seg_display File: C:/Users/YF/workspace/ELEC5566M-MiniProject-Feng-Yan-528/ELEC5566M-MiniProject-Feng-Yan-528/Seg_display.v Line: 11
Warning (12019): Can't analyze file -- file F_5.v is missing
Warning (12019): Can't analyze file -- file F_10.v is missing
Warning (12019): Can't analyze file -- file F_1.v is missing
Info (12021): Found 4 design units, including 4 entities, in source file fd.v
    Info (12023): Found entity 1: FD File: C:/Users/YF/workspace/ELEC5566M-MiniProject-Feng-Yan-528/ELEC5566M-MiniProject-Feng-Yan-528/FD.v Line: 13
    Info (12023): Found entity 2: F_1 File: C:/Users/YF/workspace/ELEC5566M-MiniProject-Feng-Yan-528/ELEC5566M-MiniProject-Feng-Yan-528/FD.v Line: 59
    Info (12023): Found entity 3: F_5 File: C:/Users/YF/workspace/ELEC5566M-MiniProject-Feng-Yan-528/ELEC5566M-MiniProject-Feng-Yan-528/FD.v Line: 131
    Info (12023): Found entity 4: F_10 File: C:/Users/YF/workspace/ELEC5566M-MiniProject-Feng-Yan-528/ELEC5566M-MiniProject-Feng-Yan-528/FD.v Line: 201
Info (12021): Found 1 design units, including 1 entities, in source file counter.v
    Info (12023): Found entity 1: Counter File: C:/Users/YF/workspace/ELEC5566M-MiniProject-Feng-Yan-528/ELEC5566M-MiniProject-Feng-Yan-528/Counter.v Line: 13
Info (12021): Found 1 design units, including 1 entities, in source file countdown.v
    Info (12023): Found entity 1: Countdown File: C:/Users/YF/workspace/ELEC5566M-MiniProject-Feng-Yan-528/ELEC5566M-MiniProject-Feng-Yan-528/Countdown.v Line: 13
Info (12021): Found 1 design units, including 1 entities, in source file transponder.v
    Info (12023): Found entity 1: transponder File: C:/Users/YF/workspace/ELEC5566M-MiniProject-Feng-Yan-528/ELEC5566M-MiniProject-Feng-Yan-528/transponder.v Line: 13
Info (12021): Found 1 design units, including 1 entities, in source file score.v
    Info (12023): Found entity 1: Score File: C:/Users/YF/workspace/ELEC5566M-MiniProject-Feng-Yan-528/ELEC5566M-MiniProject-Feng-Yan-528/Score.v Line: 12
Info (12021): Found 1 design units, including 1 entities, in source file dy_scan.v
    Info (12023): Found entity 1: Dy_scan File: C:/Users/YF/workspace/ELEC5566M-MiniProject-Feng-Yan-528/ELEC5566M-MiniProject-Feng-Yan-528/Dy_scan.v Line: 12
Info (12021): Found 1 design units, including 1 entities, in source file tr.v
    Info (12023): Found entity 1: Tr File: C:/Users/YF/workspace/ELEC5566M-MiniProject-Feng-Yan-528/ELEC5566M-MiniProject-Feng-Yan-528/Tr.v Line: 12
Info (12021): Found 1 design units, including 1 entities, in source file state_machine.v
    Info (12023): Found entity 1: State_machine File: C:/Users/YF/workspace/ELEC5566M-MiniProject-Feng-Yan-528/ELEC5566M-MiniProject-Feng-Yan-528/State_machine.v Line: 13
Info (12127): Elaborating entity "transponder" for the top level hierarchy
Info (12128): Elaborating entity "Tr" for hierarchy "Tr:tr" File: C:/Users/YF/workspace/ELEC5566M-MiniProject-Feng-Yan-528/ELEC5566M-MiniProject-Feng-Yan-528/transponder.v Line: 42
Info (12128): Elaborating entity "Countdown" for hierarchy "Countdown:countdown" File: C:/Users/YF/workspace/ELEC5566M-MiniProject-Feng-Yan-528/ELEC5566M-MiniProject-Feng-Yan-528/transponder.v Line: 51
Info (12128): Elaborating entity "FD" for hierarchy "Countdown:countdown|FD:f" File: C:/Users/YF/workspace/ELEC5566M-MiniProject-Feng-Yan-528/ELEC5566M-MiniProject-Feng-Yan-528/Countdown.v Line: 37
Info (12128): Elaborating entity "F_5" for hierarchy "Countdown:countdown|FD:f|F_5:fd" File: C:/Users/YF/workspace/ELEC5566M-MiniProject-Feng-Yan-528/ELEC5566M-MiniProject-Feng-Yan-528/FD.v Line: 31
Info (12128): Elaborating entity "F_10" for hierarchy "Countdown:countdown|FD:f|F_10:f10" File: C:/Users/YF/workspace/ELEC5566M-MiniProject-Feng-Yan-528/ELEC5566M-MiniProject-Feng-Yan-528/FD.v Line: 37
Info (12128): Elaborating entity "F_1" for hierarchy "Countdown:countdown|FD:f|F_1:f1" File: C:/Users/YF/workspace/ELEC5566M-MiniProject-Feng-Yan-528/ELEC5566M-MiniProject-Feng-Yan-528/FD.v Line: 43
Info (12128): Elaborating entity "Counter" for hierarchy "Countdown:countdown|Counter:counter" File: C:/Users/YF/workspace/ELEC5566M-MiniProject-Feng-Yan-528/ELEC5566M-MiniProject-Feng-Yan-528/Countdown.v Line: 46
Info (12128): Elaborating entity "Seg_display" for hierarchy "Countdown:countdown|Seg_display:seg_display" File: C:/Users/YF/workspace/ELEC5566M-MiniProject-Feng-Yan-528/ELEC5566M-MiniProject-Feng-Yan-528/Countdown.v Line: 55
Info (286030): Timing-Driven Synthesis is running
Info (17049): 1 registers lost all their fanouts during netlist optimizations.
Info (16010): Generating hard_block partition "hard_block:auto_generated_inst"
    Info (16011): Adding 0 node(s), including 0 DDIO, 0 PLL, 0 transceiver and 0 LCELL
Info (21057): Implemented 2034 device resources after synthesis - the final resource count might be different
    Info (21058): Implemented 5 input pins
    Info (21059): Implemented 15 output pins
    Info (21061): Implemented 2014 logic cells
Info: Quartus Prime Analysis & Synthesis was successful. 0 errors, 3 warnings
    Info: Peak virtual memory: 4841 megabytes
    Info: Processing ended: Sat May 22 23:35:51 2021
    Info: Elapsed time: 00:00:19
    Info: Total CPU time (on all processors): 00:00:36


