------------------------------------------------------------
TimeQuest Timing Analyzer Summary
------------------------------------------------------------

Type  : Slow 1100mV 85C Model Setup 'clock50'
Slack : 3.971
TNS   : 0.000

Type  : Slow 1100mV 85C Model Hold 'clock50'
Slack : 0.308
TNS   : 0.000

Type  : Slow 1100mV 85C Model Recovery 'clock50'
Slack : 17.229
TNS   : 0.000

Type  : Slow 1100mV 85C Model Removal 'clock50'
Slack : 0.693
TNS   : 0.000

Type  : Slow 1100mV 85C Model Minimum Pulse Width 'clock50'
Slack : 8.858
TNS   : 0.000

Type  : Slow 1100mV 0C Model Setup 'clock50'
Slack : 4.271
TNS   : 0.000

Type  : Slow 1100mV 0C Model Hold 'clock50'
Slack : 0.322
TNS   : 0.000

Type  : Slow 1100mV 0C Model Recovery 'clock50'
Slack : 17.341
TNS   : 0.000

Type  : Slow 1100mV 0C Model Removal 'clock50'
Slack : 0.626
TNS   : 0.000

Type  : Slow 1100mV 0C Model Minimum Pulse Width 'clock50'
Slack : 8.807
TNS   : 0.000

Type  : Fast 1100mV 85C Model Setup 'clock50'
Slack : 8.310
TNS   : 0.000

Type  : Fast 1100mV 85C Model Hold 'clock50'
Slack : 0.183
TNS   : 0.000

Type  : Fast 1100mV 85C Model Recovery 'clock50'
Slack : 18.276
TNS   : 0.000

Type  : Fast 1100mV 85C Model Removal 'clock50'
Slack : 0.409
TNS   : 0.000

Type  : Fast 1100mV 85C Model Minimum Pulse Width 'clock50'
Slack : 8.806
TNS   : 0.000

Type  : Fast 1100mV 0C Model Setup 'clock50'
Slack : 8.873
TNS   : 0.000

Type  : Fast 1100mV 0C Model Hold 'clock50'
Slack : 0.175
TNS   : 0.000

Type  : Fast 1100mV 0C Model Recovery 'clock50'
Slack : 18.434
TNS   : 0.000

Type  : Fast 1100mV 0C Model Removal 'clock50'
Slack : 0.349
TNS   : 0.000

Type  : Fast 1100mV 0C Model Minimum Pulse Width 'clock50'
Slack : 8.801
TNS   : 0.000

------------------------------------------------------------
